<?xml version="1.0" encoding="UTF-8"?>
<TestRun id="ce1d318c-bfbf-4041-aeea-259c5237eeb6" name="haren@MH2700 2012-02-15 19:51:35" runUser="AURORA_NT\haren" xmlns="http://microsoft.com/schemas/VisualStudio/TeamTest/2010">
  <TestSettings name="Local" id="1ff2e3f2-619d-42a7-a959-0b6f523aec0c">
    <Description>These are default test settings for a local test run.</Description>
    <Deployment enabled="false" runDeploymentRoot="haren_MH2700 2012-02-15 19_51_35">
      <DeploymentItem filename="C:\Users\haren.AURORA_NT\Documents\My Dropbox\Projects\service-tracker\service-tracker-mvc\bin\service-tracker-mvc.dll" />
      <DeploymentItem filename="C:\Users\haren.AURORA_NT\Documents\My Dropbox\Projects\service-tracker\packages\Moq.4.0.10827\lib\NET40\Moq.dll" />
    </Deployment>
    <Execution>
      <TestTypeSpecific />
      <AgentRule name="Execution Agents">
      </AgentRule>
    </Execution>
  </TestSettings>
  <Times creation="2012-02-15T19:51:35.4700084-05:00" queuing="2012-02-15T19:51:38.1857368-05:00" start="2012-02-15T19:51:38.3997154-05:00" finish="2012-02-15T19:51:41.2624291-05:00" />
  <ResultSummary outcome="Completed">
    <Counters total="36" executed="36" passed="36" error="0" failed="0" timeout="0" aborted="0" inconclusive="0" passedButRunAborted="0" notRunnable="0" notExecuted="0" disconnected="0" warning="0" completed="0" inProgress="0" pending="0" />
  </ResultSummary>
  <TestDefinitions>
    <UnitTest name="InvoiceIndexRoute_Test" storage="c:\users\haren.aurora_nt\documents\my dropbox\projects\service-tracker\service-tracker-mvc.tests\bin\debug\service-tracker-mvc.tests.dll" id="31b9cb81-ed1b-d5a7-64aa-63e45b410513">
      <Execution id="05443526-b1c4-4796-a39f-fbc680c00ba8" />
      <TestMethod codeBase="C:/Users/haren.AURORA_NT/Documents/My Dropbox/Projects/service-tracker/service-tracker-mvc.tests/bin/Debug/service-tracker-mvc.tests.DLL" adapterTypeName="Microsoft.VisualStudio.TestTools.TestTypes.Unit.UnitTestAdapter, Microsoft.VisualStudio.QualityTools.Tips.UnitTest.Adapter, Version=10.0.0.0, Culture=neutral, PublicKeyToken=b03f5f7f11d50a3a" className="service_tracker_mvc.tests.RouteTests, service-tracker-mvc.tests, Version=1.0.0.0, Culture=neutral, PublicKeyToken=null" name="InvoiceIndexRoute_Test" />
    </UnitTest>
    <UnitTest name="CustomerCreateRoute_Test" storage="c:\users\haren.aurora_nt\documents\my dropbox\projects\service-tracker\service-tracker-mvc.tests\bin\debug\service-tracker-mvc.tests.dll" id="96f086fe-8c0b-3465-de9a-d9044667030d">
      <Execution id="a617de8e-9887-4b3f-96a2-a2bff1bb8b23" />
      <TestMethod codeBase="C:/Users/haren.AURORA_NT/Documents/My Dropbox/Projects/service-tracker/service-tracker-mvc.tests/bin/Debug/service-tracker-mvc.tests.DLL" adapterTypeName="Microsoft.VisualStudio.TestTools.TestTypes.Unit.UnitTestAdapter, Microsoft.VisualStudio.QualityTools.Tips.UnitTest.Adapter, Version=10.0.0.0, Culture=neutral, PublicKeyToken=b03f5f7f11d50a3a" className="service_tracker_mvc.tests.RouteTests, service-tracker-mvc.tests, Version=1.0.0.0, Culture=neutral, PublicKeyToken=null" name="CustomerCreateRoute_Test" />
    </UnitTest>
    <UnitTest name="UserLoginAuthenticate_Test" storage="c:\users\haren.aurora_nt\documents\my dropbox\projects\service-tracker\service-tracker-mvc.tests\bin\debug\service-tracker-mvc.tests.dll" id="3bf90ae8-dc1a-d747-cdab-6bf8c68a1ecf">
      <Execution id="b8dabf3e-1fb6-4964-8424-48debbc406bc" />
      <TestMethod codeBase="C:/Users/haren.AURORA_NT/Documents/My Dropbox/Projects/service-tracker/service-tracker-mvc.tests/bin/Debug/service-tracker-mvc.tests.DLL" adapterTypeName="Microsoft.VisualStudio.TestTools.TestTypes.Unit.UnitTestAdapter, Microsoft.VisualStudio.QualityTools.Tips.UnitTest.Adapter, Version=10.0.0.0, Culture=neutral, PublicKeyToken=b03f5f7f11d50a3a" className="service_tracker_mvc.tests.RouteTests, service-tracker-mvc.tests, Version=1.0.0.0, Culture=neutral, PublicKeyToken=null" name="UserLoginAuthenticate_Test" />
    </UnitTest>
    <UnitTest name="UserLogoutRoute_Test" storage="c:\users\haren.aurora_nt\documents\my dropbox\projects\service-tracker\service-tracker-mvc.tests\bin\debug\service-tracker-mvc.tests.dll" id="52a4cafa-911f-27a2-2a04-03580ebe2d50">
      <Execution id="9d624077-474a-4d9d-891b-e5170d701252" />
      <TestMethod codeBase="C:/Users/haren.AURORA_NT/Documents/My Dropbox/Projects/service-tracker/service-tracker-mvc.tests/bin/Debug/service-tracker-mvc.tests.DLL" adapterTypeName="Microsoft.VisualStudio.TestTools.TestTypes.Unit.UnitTestAdapter, Microsoft.VisualStudio.QualityTools.Tips.UnitTest.Adapter, Version=10.0.0.0, Culture=neutral, PublicKeyToken=b03f5f7f11d50a3a" className="service_tracker_mvc.tests.RouteTests, service-tracker-mvc.tests, Version=1.0.0.0, Culture=neutral, PublicKeyToken=null" name="UserLogoutRoute_Test" />
    </UnitTest>
    <UnitTest name="ServicerDeleteRoute_Test" storage="c:\users\haren.aurora_nt\documents\my dropbox\projects\service-tracker\service-tracker-mvc.tests\bin\debug\service-tracker-mvc.tests.dll" id="6505df67-4533-5041-929c-b465c94c9e56">
      <Execution id="6dea3891-13bd-4681-bbba-d8672fc95003" />
      <TestMethod codeBase="C:/Users/haren.AURORA_NT/Documents/My Dropbox/Projects/service-tracker/service-tracker-mvc.tests/bin/Debug/service-tracker-mvc.tests.DLL" adapterTypeName="Microsoft.VisualStudio.TestTools.TestTypes.Unit.UnitTestAdapter, Microsoft.VisualStudio.QualityTools.Tips.UnitTest.Adapter, Version=10.0.0.0, Culture=neutral, PublicKeyToken=b03f5f7f11d50a3a" className="service_tracker_mvc.tests.RouteTests, service-tracker-mvc.tests, Version=1.0.0.0, Culture=neutral, PublicKeyToken=null" name="ServicerDeleteRoute_Test" />
    </UnitTest>
    <UnitTest name="InvoiceDetailsRoute_Test" storage="c:\users\haren.aurora_nt\documents\my dropbox\projects\service-tracker\service-tracker-mvc.tests\bin\debug\service-tracker-mvc.tests.dll" id="cffb1259-b231-58ae-d248-694db26505da">
      <Execution id="f6cf4ab8-15e7-4805-8543-e85ee9fda658" />
      <TestMethod codeBase="C:/Users/haren.AURORA_NT/Documents/My Dropbox/Projects/service-tracker/service-tracker-mvc.tests/bin/Debug/service-tracker-mvc.tests.DLL" adapterTypeName="Microsoft.VisualStudio.TestTools.TestTypes.Unit.UnitTestAdapter, Microsoft.VisualStudio.QualityTools.Tips.UnitTest.Adapter, Version=10.0.0.0, Culture=neutral, PublicKeyToken=b03f5f7f11d50a3a" className="service_tracker_mvc.tests.RouteTests, service-tracker-mvc.tests, Version=1.0.0.0, Culture=neutral, PublicKeyToken=null" name="InvoiceDetailsRoute_Test" />
    </UnitTest>
    <UnitTest name="UserIndexRoute_Test" storage="c:\users\haren.aurora_nt\documents\my dropbox\projects\service-tracker\service-tracker-mvc.tests\bin\debug\service-tracker-mvc.tests.dll" id="58957218-f591-5902-c29e-fec59bc16ba2">
      <Execution id="2bf92270-74b6-4a67-bee0-4e760778d4b7" />
      <TestMethod codeBase="C:/Users/haren.AURORA_NT/Documents/My Dropbox/Projects/service-tracker/service-tracker-mvc.tests/bin/Debug/service-tracker-mvc.tests.DLL" adapterTypeName="Microsoft.VisualStudio.TestTools.TestTypes.Unit.UnitTestAdapter, Microsoft.VisualStudio.QualityTools.Tips.UnitTest.Adapter, Version=10.0.0.0, Culture=neutral, PublicKeyToken=b03f5f7f11d50a3a" className="service_tracker_mvc.tests.RouteTests, service-tracker-mvc.tests, Version=1.0.0.0, Culture=neutral, PublicKeyToken=null" name="UserIndexRoute_Test" />
    </UnitTest>
    <UnitTest name="ServiceDeleteRoute_Test" storage="c:\users\haren.aurora_nt\documents\my dropbox\projects\service-tracker\service-tracker-mvc.tests\bin\debug\service-tracker-mvc.tests.dll" id="56ac27f9-387b-e65f-4e8f-34e28b494e87">
      <Execution id="52e49fb1-9aa0-4017-8d59-d8a3e80cdd6f" />
      <TestMethod codeBase="C:/Users/haren.AURORA_NT/Documents/My Dropbox/Projects/service-tracker/service-tracker-mvc.tests/bin/Debug/service-tracker-mvc.tests.DLL" adapterTypeName="Microsoft.VisualStudio.TestTools.TestTypes.Unit.UnitTestAdapter, Microsoft.VisualStudio.QualityTools.Tips.UnitTest.Adapter, Version=10.0.0.0, Culture=neutral, PublicKeyToken=b03f5f7f11d50a3a" className="service_tracker_mvc.tests.RouteTests, service-tracker-mvc.tests, Version=1.0.0.0, Culture=neutral, PublicKeyToken=null" name="ServiceDeleteRoute_Test" />
    </UnitTest>
    <UnitTest name="UserEditRoute_Test" storage="c:\users\haren.aurora_nt\documents\my dropbox\projects\service-tracker\service-tracker-mvc.tests\bin\debug\service-tracker-mvc.tests.dll" id="a02c28a6-538a-3928-ab38-3c940575967c">
      <Execution id="db4add08-786e-4b43-8117-bd5f61df238d" />
      <TestMethod codeBase="C:/Users/haren.AURORA_NT/Documents/My Dropbox/Projects/service-tracker/service-tracker-mvc.tests/bin/Debug/service-tracker-mvc.tests.DLL" adapterTypeName="Microsoft.VisualStudio.TestTools.TestTypes.Unit.UnitTestAdapter, Microsoft.VisualStudio.QualityTools.Tips.UnitTest.Adapter, Version=10.0.0.0, Culture=neutral, PublicKeyToken=b03f5f7f11d50a3a" className="service_tracker_mvc.tests.RouteTests, service-tracker-mvc.tests, Version=1.0.0.0, Culture=neutral, PublicKeyToken=null" name="UserEditRoute_Test" />
    </UnitTest>
    <UnitTest name="UserLoginRoute_Test" storage="c:\users\haren.aurora_nt\documents\my dropbox\projects\service-tracker\service-tracker-mvc.tests\bin\debug\service-tracker-mvc.tests.dll" id="032a2395-c934-6775-46bd-c467f3e89f43">
      <Execution id="22a8bf68-300c-4dc0-9d10-83d8167e1c6e" />
      <TestMethod codeBase="C:/Users/haren.AURORA_NT/Documents/My Dropbox/Projects/service-tracker/service-tracker-mvc.tests/bin/Debug/service-tracker-mvc.tests.DLL" adapterTypeName="Microsoft.VisualStudio.TestTools.TestTypes.Unit.UnitTestAdapter, Microsoft.VisualStudio.QualityTools.Tips.UnitTest.Adapter, Version=10.0.0.0, Culture=neutral, PublicKeyToken=b03f5f7f11d50a3a" className="service_tracker_mvc.tests.RouteTests, service-tracker-mvc.tests, Version=1.0.0.0, Culture=neutral, PublicKeyToken=null" name="UserLoginRoute_Test" />
    </UnitTest>
    <UnitTest name="ProductDeleteRoute_Test" storage="c:\users\haren.aurora_nt\documents\my dropbox\projects\service-tracker\service-tracker-mvc.tests\bin\debug\service-tracker-mvc.tests.dll" id="42ed84fe-8210-f545-943b-8a410892723d">
      <Execution id="6152f5f0-7c11-4611-a3cf-44c956101ef0" />
      <TestMethod codeBase="C:/Users/haren.AURORA_NT/Documents/My Dropbox/Projects/service-tracker/service-tracker-mvc.tests/bin/Debug/service-tracker-mvc.tests.DLL" adapterTypeName="Microsoft.VisualStudio.TestTools.TestTypes.Unit.UnitTestAdapter, Microsoft.VisualStudio.QualityTools.Tips.UnitTest.Adapter, Version=10.0.0.0, Culture=neutral, PublicKeyToken=b03f5f7f11d50a3a" className="service_tracker_mvc.tests.RouteTests, service-tracker-mvc.tests, Version=1.0.0.0, Culture=neutral, PublicKeyToken=null" name="ProductDeleteRoute_Test" />
    </UnitTest>
    <UnitTest name="InvoiceCreateRoute_Test" storage="c:\users\haren.aurora_nt\documents\my dropbox\projects\service-tracker\service-tracker-mvc.tests\bin\debug\service-tracker-mvc.tests.dll" id="7d737ce0-6d0f-0c97-cf17-7e13e4d087c1">
      <Execution id="ac294f81-b605-4e04-82a2-8426fe2a44c8" />
      <TestMethod codeBase="C:/Users/haren.AURORA_NT/Documents/My Dropbox/Projects/service-tracker/service-tracker-mvc.tests/bin/Debug/service-tracker-mvc.tests.DLL" adapterTypeName="Microsoft.VisualStudio.TestTools.TestTypes.Unit.UnitTestAdapter, Microsoft.VisualStudio.QualityTools.Tips.UnitTest.Adapter, Version=10.0.0.0, Culture=neutral, PublicKeyToken=b03f5f7f11d50a3a" className="service_tracker_mvc.tests.RouteTests, service-tracker-mvc.tests, Version=1.0.0.0, Culture=neutral, PublicKeyToken=null" name="InvoiceCreateRoute_Test" />
    </UnitTest>
    <UnitTest name="ProductCreateRoute_Test" storage="c:\users\haren.aurora_nt\documents\my dropbox\projects\service-tracker\service-tracker-mvc.tests\bin\debug\service-tracker-mvc.tests.dll" id="128651f0-a7ea-43da-a485-30dd9ce71a84">
      <Execution id="430a6060-5c8f-4db6-ab96-a1fa730bb484" />
      <TestMethod codeBase="C:/Users/haren.AURORA_NT/Documents/My Dropbox/Projects/service-tracker/service-tracker-mvc.tests/bin/Debug/service-tracker-mvc.tests.DLL" adapterTypeName="Microsoft.VisualStudio.TestTools.TestTypes.Unit.UnitTestAdapter, Microsoft.VisualStudio.QualityTools.Tips.UnitTest.Adapter, Version=10.0.0.0, Culture=neutral, PublicKeyToken=b03f5f7f11d50a3a" className="service_tracker_mvc.tests.RouteTests, service-tracker-mvc.tests, Version=1.0.0.0, Culture=neutral, PublicKeyToken=null" name="ProductCreateRoute_Test" />
    </UnitTest>
    <UnitTest name="VerifyGuestCannotSeeManagerAction_Test" storage="c:\users\haren.aurora_nt\documents\my dropbox\projects\service-tracker\service-tracker-mvc.tests\bin\debug\service-tracker-mvc.tests.dll" id="a9ec0b01-d52b-4427-7d25-e1d5c40d57b4">
      <Execution id="39d28790-5060-4c54-b448-e6dc42e0241e" />
      <TestMethod codeBase="C:/Users/haren.AURORA_NT/Documents/My Dropbox/Projects/service-tracker/service-tracker-mvc.tests/bin/Debug/service-tracker-mvc.tests.DLL" adapterTypeName="Microsoft.VisualStudio.TestTools.TestTypes.Unit.UnitTestAdapter, Microsoft.VisualStudio.QualityTools.Tips.UnitTest.Adapter, Version=10.0.0.0, Culture=neutral, PublicKeyToken=b03f5f7f11d50a3a" className="MvcAuthorize.Tests.RequiresAuthorizationAttributeTests, service-tracker-mvc.tests, Version=1.0.0.0, Culture=neutral, PublicKeyToken=null" name="VerifyGuestCannotSeeManagerAction_Test" />
    </UnitTest>
    <UnitTest name="SettingIndexRoute_Test" storage="c:\users\haren.aurora_nt\documents\my dropbox\projects\service-tracker\service-tracker-mvc.tests\bin\debug\service-tracker-mvc.tests.dll" id="39611acb-4ca3-e00c-e824-d326a41432a1">
      <Execution id="d2a52c4a-5301-4bd7-af05-0245265cf4cf" />
      <TestMethod codeBase="C:/Users/haren.AURORA_NT/Documents/My Dropbox/Projects/service-tracker/service-tracker-mvc.tests/bin/Debug/service-tracker-mvc.tests.DLL" adapterTypeName="Microsoft.VisualStudio.TestTools.TestTypes.Unit.UnitTestAdapter, Microsoft.VisualStudio.QualityTools.Tips.UnitTest.Adapter, Version=10.0.0.0, Culture=neutral, PublicKeyToken=b03f5f7f11d50a3a" className="service_tracker_mvc.tests.RouteTests, service-tracker-mvc.tests, Version=1.0.0.0, Culture=neutral, PublicKeyToken=null" name="SettingIndexRoute_Test" />
    </UnitTest>
    <UnitTest name="ProductIndexRoute_Test" storage="c:\users\haren.aurora_nt\documents\my dropbox\projects\service-tracker\service-tracker-mvc.tests\bin\debug\service-tracker-mvc.tests.dll" id="a04c2557-7ab1-95cc-48ac-b02cf14b8503">
      <Execution id="71df6d7a-2f42-47c0-8cc3-b45c2aa098b0" />
      <TestMethod codeBase="C:/Users/haren.AURORA_NT/Documents/My Dropbox/Projects/service-tracker/service-tracker-mvc.tests/bin/Debug/service-tracker-mvc.tests.DLL" adapterTypeName="Microsoft.VisualStudio.TestTools.TestTypes.Unit.UnitTestAdapter, Microsoft.VisualStudio.QualityTools.Tips.UnitTest.Adapter, Version=10.0.0.0, Culture=neutral, PublicKeyToken=b03f5f7f11d50a3a" className="service_tracker_mvc.tests.RouteTests, service-tracker-mvc.tests, Version=1.0.0.0, Culture=neutral, PublicKeyToken=null" name="ProductIndexRoute_Test" />
    </UnitTest>
    <UnitTest name="ServiceIndexRoute_Test" storage="c:\users\haren.aurora_nt\documents\my dropbox\projects\service-tracker\service-tracker-mvc.tests\bin\debug\service-tracker-mvc.tests.dll" id="f2b11357-5b05-dfef-3401-e10c218f4fe9">
      <Execution id="6182e3d9-d6ff-4f17-80d0-e021791bb93d" />
      <TestMethod codeBase="C:/Users/haren.AURORA_NT/Documents/My Dropbox/Projects/service-tracker/service-tracker-mvc.tests/bin/Debug/service-tracker-mvc.tests.DLL" adapterTypeName="Microsoft.VisualStudio.TestTools.TestTypes.Unit.UnitTestAdapter, Microsoft.VisualStudio.QualityTools.Tips.UnitTest.Adapter, Version=10.0.0.0, Culture=neutral, PublicKeyToken=b03f5f7f11d50a3a" className="service_tracker_mvc.tests.RouteTests, service-tracker-mvc.tests, Version=1.0.0.0, Culture=neutral, PublicKeyToken=null" name="ServiceIndexRoute_Test" />
    </UnitTest>
    <UnitTest name="ServicerCreateRoute_Test" storage="c:\users\haren.aurora_nt\documents\my dropbox\projects\service-tracker\service-tracker-mvc.tests\bin\debug\service-tracker-mvc.tests.dll" id="ca8e8c39-b1a4-dbc0-7c1b-05ccbc71c973">
      <Execution id="a789c22c-ebbd-446c-9a63-a3002eae8622" />
      <TestMethod codeBase="C:/Users/haren.AURORA_NT/Documents/My Dropbox/Projects/service-tracker/service-tracker-mvc.tests/bin/Debug/service-tracker-mvc.tests.DLL" adapterTypeName="Microsoft.VisualStudio.TestTools.TestTypes.Unit.UnitTestAdapter, Microsoft.VisualStudio.QualityTools.Tips.UnitTest.Adapter, Version=10.0.0.0, Culture=neutral, PublicKeyToken=b03f5f7f11d50a3a" className="service_tracker_mvc.tests.RouteTests, service-tracker-mvc.tests, Version=1.0.0.0, Culture=neutral, PublicKeyToken=null" name="ServicerCreateRoute_Test" />
    </UnitTest>
    <UnitTest name="ServicerDetailsRoute_Test" storage="c:\users\haren.aurora_nt\documents\my dropbox\projects\service-tracker\service-tracker-mvc.tests\bin\debug\service-tracker-mvc.tests.dll" id="3ce92995-8f99-2fc1-c984-3de8d2ce0a82">
      <Execution id="cd519e2c-355f-4b09-a7e4-f865e597bbb0" />
      <TestMethod codeBase="C:/Users/haren.AURORA_NT/Documents/My Dropbox/Projects/service-tracker/service-tracker-mvc.tests/bin/Debug/service-tracker-mvc.tests.DLL" adapterTypeName="Microsoft.VisualStudio.TestTools.TestTypes.Unit.UnitTestAdapter, Microsoft.VisualStudio.QualityTools.Tips.UnitTest.Adapter, Version=10.0.0.0, Culture=neutral, PublicKeyToken=b03f5f7f11d50a3a" className="service_tracker_mvc.tests.RouteTests, service-tracker-mvc.tests, Version=1.0.0.0, Culture=neutral, PublicKeyToken=null" name="ServicerDetailsRoute_Test" />
    </UnitTest>
    <UnitTest name="ProductDetailsRoute_Test" storage="c:\users\haren.aurora_nt\documents\my dropbox\projects\service-tracker\service-tracker-mvc.tests\bin\debug\service-tracker-mvc.tests.dll" id="350d5b73-6175-af6c-ec4b-1b97a5a3ed39">
      <Execution id="87fa455f-ff58-478b-b8cd-8f49e5c5a3ca" />
      <TestMethod codeBase="C:/Users/haren.AURORA_NT/Documents/My Dropbox/Projects/service-tracker/service-tracker-mvc.tests/bin/Debug/service-tracker-mvc.tests.DLL" adapterTypeName="Microsoft.VisualStudio.TestTools.TestTypes.Unit.UnitTestAdapter, Microsoft.VisualStudio.QualityTools.Tips.UnitTest.Adapter, Version=10.0.0.0, Culture=neutral, PublicKeyToken=b03f5f7f11d50a3a" className="service_tracker_mvc.tests.RouteTests, service-tracker-mvc.tests, Version=1.0.0.0, Culture=neutral, PublicKeyToken=null" name="ProductDetailsRoute_Test" />
    </UnitTest>
    <UnitTest name="InvoiceEditRoute_Test" storage="c:\users\haren.aurora_nt\documents\my dropbox\projects\service-tracker\service-tracker-mvc.tests\bin\debug\service-tracker-mvc.tests.dll" id="cb1a080b-6d63-9452-1499-744412170ed2">
      <Execution id="54d49c60-529d-44bb-81a5-663b404f1bdd" />
      <TestMethod codeBase="C:/Users/haren.AURORA_NT/Documents/My Dropbox/Projects/service-tracker/service-tracker-mvc.tests/bin/Debug/service-tracker-mvc.tests.DLL" adapterTypeName="Microsoft.VisualStudio.TestTools.TestTypes.Unit.UnitTestAdapter, Microsoft.VisualStudio.QualityTools.Tips.UnitTest.Adapter, Version=10.0.0.0, Culture=neutral, PublicKeyToken=b03f5f7f11d50a3a" className="service_tracker_mvc.tests.RouteTests, service-tracker-mvc.tests, Version=1.0.0.0, Culture=neutral, PublicKeyToken=null" name="InvoiceEditRoute_Test" />
    </UnitTest>
    <UnitTest name="UserDeleteRoute_Test" storage="c:\users\haren.aurora_nt\documents\my dropbox\projects\service-tracker\service-tracker-mvc.tests\bin\debug\service-tracker-mvc.tests.dll" id="acbfeb2f-7e43-4635-e10e-74a2248be59e">
      <Execution id="cd73a232-0c68-41b4-bcd5-c62782d9a21b" />
      <TestMethod codeBase="C:/Users/haren.AURORA_NT/Documents/My Dropbox/Projects/service-tracker/service-tracker-mvc.tests/bin/Debug/service-tracker-mvc.tests.DLL" adapterTypeName="Microsoft.VisualStudio.TestTools.TestTypes.Unit.UnitTestAdapter, Microsoft.VisualStudio.QualityTools.Tips.UnitTest.Adapter, Version=10.0.0.0, Culture=neutral, PublicKeyToken=b03f5f7f11d50a3a" className="service_tracker_mvc.tests.RouteTests, service-tracker-mvc.tests, Version=1.0.0.0, Culture=neutral, PublicKeyToken=null" name="UserDeleteRoute_Test" />
    </UnitTest>
    <UnitTest name="ServicerEditRoute_Test" storage="c:\users\haren.aurora_nt\documents\my dropbox\projects\service-tracker\service-tracker-mvc.tests\bin\debug\service-tracker-mvc.tests.dll" id="d51eb317-775e-4492-f682-bf923e11e408">
      <Execution id="df8d12cb-0bc3-4a4d-a83d-78553ac87acb" />
      <TestMethod codeBase="C:/Users/haren.AURORA_NT/Documents/My Dropbox/Projects/service-tracker/service-tracker-mvc.tests/bin/Debug/service-tracker-mvc.tests.DLL" adapterTypeName="Microsoft.VisualStudio.TestTools.TestTypes.Unit.UnitTestAdapter, Microsoft.VisualStudio.QualityTools.Tips.UnitTest.Adapter, Version=10.0.0.0, Culture=neutral, PublicKeyToken=b03f5f7f11d50a3a" className="service_tracker_mvc.tests.RouteTests, service-tracker-mvc.tests, Version=1.0.0.0, Culture=neutral, PublicKeyToken=null" name="ServicerEditRoute_Test" />
    </UnitTest>
    <UnitTest name="CustomerIndexRoute_Test" storage="c:\users\haren.aurora_nt\documents\my dropbox\projects\service-tracker\service-tracker-mvc.tests\bin\debug\service-tracker-mvc.tests.dll" id="9b189f94-d5b5-3708-caa5-2a48dcb8904b">
      <Execution id="d2ae2da1-c04c-4d0a-babe-0b2946123a28" />
      <TestMethod codeBase="C:/Users/haren.AURORA_NT/Documents/My Dropbox/Projects/service-tracker/service-tracker-mvc.tests/bin/Debug/service-tracker-mvc.tests.DLL" adapterTypeName="Microsoft.VisualStudio.TestTools.TestTypes.Unit.UnitTestAdapter, Microsoft.VisualStudio.QualityTools.Tips.UnitTest.Adapter, Version=10.0.0.0, Culture=neutral, PublicKeyToken=b03f5f7f11d50a3a" className="service_tracker_mvc.tests.RouteTests, service-tracker-mvc.tests, Version=1.0.0.0, Culture=neutral, PublicKeyToken=null" name="CustomerIndexRoute_Test" />
    </UnitTest>
    <UnitTest name="ServiceEditRoute_Test" storage="c:\users\haren.aurora_nt\documents\my dropbox\projects\service-tracker\service-tracker-mvc.tests\bin\debug\service-tracker-mvc.tests.dll" id="23ae96c7-d9ff-5953-b921-a9d39a409323">
      <Execution id="8129fa03-27e3-4253-a2b3-75af6e304274" />
      <TestMethod codeBase="C:/Users/haren.AURORA_NT/Documents/My Dropbox/Projects/service-tracker/service-tracker-mvc.tests/bin/Debug/service-tracker-mvc.tests.DLL" adapterTypeName="Microsoft.VisualStudio.TestTools.TestTypes.Unit.UnitTestAdapter, Microsoft.VisualStudio.QualityTools.Tips.UnitTest.Adapter, Version=10.0.0.0, Culture=neutral, PublicKeyToken=b03f5f7f11d50a3a" className="service_tracker_mvc.tests.RouteTests, service-tracker-mvc.tests, Version=1.0.0.0, Culture=neutral, PublicKeyToken=null" name="ServiceEditRoute_Test" />
    </UnitTest>
    <UnitTest name="CustomerEditRoute_Test" storage="c:\users\haren.aurora_nt\documents\my dropbox\projects\service-tracker\service-tracker-mvc.tests\bin\debug\service-tracker-mvc.tests.dll" id="4685499d-78c6-6071-7ca0-02004a24c10b">
      <Execution id="e1e14454-ab3a-4dcc-bb3c-d6840842d05f" />
      <TestMethod codeBase="C:/Users/haren.AURORA_NT/Documents/My Dropbox/Projects/service-tracker/service-tracker-mvc.tests/bin/Debug/service-tracker-mvc.tests.DLL" adapterTypeName="Microsoft.VisualStudio.TestTools.TestTypes.Unit.UnitTestAdapter, Microsoft.VisualStudio.QualityTools.Tips.UnitTest.Adapter, Version=10.0.0.0, Culture=neutral, PublicKeyToken=b03f5f7f11d50a3a" className="service_tracker_mvc.tests.RouteTests, service-tracker-mvc.tests, Version=1.0.0.0, Culture=neutral, PublicKeyToken=null" name="CustomerEditRoute_Test" />
    </UnitTest>
    <UnitTest name="UserDetailsRoute_Test" storage="c:\users\haren.aurora_nt\documents\my dropbox\projects\service-tracker\service-tracker-mvc.tests\bin\debug\service-tracker-mvc.tests.dll" id="c63cec2b-3be5-4ac5-2113-2ca2a2d79e88">
      <Execution id="4c24ec16-75fc-4a0a-9814-14abb302dca1" />
      <TestMethod codeBase="C:/Users/haren.AURORA_NT/Documents/My Dropbox/Projects/service-tracker/service-tracker-mvc.tests/bin/Debug/service-tracker-mvc.tests.DLL" adapterTypeName="Microsoft.VisualStudio.TestTools.TestTypes.Unit.UnitTestAdapter, Microsoft.VisualStudio.QualityTools.Tips.UnitTest.Adapter, Version=10.0.0.0, Culture=neutral, PublicKeyToken=b03f5f7f11d50a3a" className="service_tracker_mvc.tests.RouteTests, service-tracker-mvc.tests, Version=1.0.0.0, Culture=neutral, PublicKeyToken=null" name="UserDetailsRoute_Test" />
    </UnitTest>
    <UnitTest name="ServiceCreateRoute_Test" storage="c:\users\haren.aurora_nt\documents\my dropbox\projects\service-tracker\service-tracker-mvc.tests\bin\debug\service-tracker-mvc.tests.dll" id="eb22b6b5-cba1-17f7-9f99-39e51413ccec">
      <Execution id="83194d09-85c5-4398-ab03-8482a062a1ea" />
      <TestMethod codeBase="C:/Users/haren.AURORA_NT/Documents/My Dropbox/Projects/service-tracker/service-tracker-mvc.tests/bin/Debug/service-tracker-mvc.tests.DLL" adapterTypeName="Microsoft.VisualStudio.TestTools.TestTypes.Unit.UnitTestAdapter, Microsoft.VisualStudio.QualityTools.Tips.UnitTest.Adapter, Version=10.0.0.0, Culture=neutral, PublicKeyToken=b03f5f7f11d50a3a" className="service_tracker_mvc.tests.RouteTests, service-tracker-mvc.tests, Version=1.0.0.0, Culture=neutral, PublicKeyToken=null" name="ServiceCreateRoute_Test" />
    </UnitTest>
    <UnitTest name="ServiceDetailsRoute_Test" storage="c:\users\haren.aurora_nt\documents\my dropbox\projects\service-tracker\service-tracker-mvc.tests\bin\debug\service-tracker-mvc.tests.dll" id="7a3f47ae-c5a2-5a1a-40dd-25d5d0cc6cda">
      <Execution id="fab2fe69-e9aa-4eed-8c57-9c1c8b597178" />
      <TestMethod codeBase="C:/Users/haren.AURORA_NT/Documents/My Dropbox/Projects/service-tracker/service-tracker-mvc.tests/bin/Debug/service-tracker-mvc.tests.DLL" adapterTypeName="Microsoft.VisualStudio.TestTools.TestTypes.Unit.UnitTestAdapter, Microsoft.VisualStudio.QualityTools.Tips.UnitTest.Adapter, Version=10.0.0.0, Culture=neutral, PublicKeyToken=b03f5f7f11d50a3a" className="service_tracker_mvc.tests.RouteTests, service-tracker-mvc.tests, Version=1.0.0.0, Culture=neutral, PublicKeyToken=null" name="ServiceDetailsRoute_Test" />
    </UnitTest>
    <UnitTest name="ServicerIndexRoute_Test" storage="c:\users\haren.aurora_nt\documents\my dropbox\projects\service-tracker\service-tracker-mvc.tests\bin\debug\service-tracker-mvc.tests.dll" id="4e8df1f0-2c3c-ec85-8a5a-296ca8a9dbe8">
      <Execution id="31c31a46-bda4-423e-a2f7-6c4d0e49fda3" />
      <TestMethod codeBase="C:/Users/haren.AURORA_NT/Documents/My Dropbox/Projects/service-tracker/service-tracker-mvc.tests/bin/Debug/service-tracker-mvc.tests.DLL" adapterTypeName="Microsoft.VisualStudio.TestTools.TestTypes.Unit.UnitTestAdapter, Microsoft.VisualStudio.QualityTools.Tips.UnitTest.Adapter, Version=10.0.0.0, Culture=neutral, PublicKeyToken=b03f5f7f11d50a3a" className="service_tracker_mvc.tests.RouteTests, service-tracker-mvc.tests, Version=1.0.0.0, Culture=neutral, PublicKeyToken=null" name="ServicerIndexRoute_Test" />
    </UnitTest>
    <UnitTest name="InvoiceDeleteRoute_Test" storage="c:\users\haren.aurora_nt\documents\my dropbox\projects\service-tracker\service-tracker-mvc.tests\bin\debug\service-tracker-mvc.tests.dll" id="ee46a88c-7ae4-4f28-132c-57bca54f007d">
      <Execution id="1722c3ac-4760-492e-a470-8460dd4ade1c" />
      <TestMethod codeBase="C:/Users/haren.AURORA_NT/Documents/My Dropbox/Projects/service-tracker/service-tracker-mvc.tests/bin/Debug/service-tracker-mvc.tests.DLL" adapterTypeName="Microsoft.VisualStudio.TestTools.TestTypes.Unit.UnitTestAdapter, Microsoft.VisualStudio.QualityTools.Tips.UnitTest.Adapter, Version=10.0.0.0, Culture=neutral, PublicKeyToken=b03f5f7f11d50a3a" className="service_tracker_mvc.tests.RouteTests, service-tracker-mvc.tests, Version=1.0.0.0, Culture=neutral, PublicKeyToken=null" name="InvoiceDeleteRoute_Test" />
    </UnitTest>
    <UnitTest name="CustomerDetailsRoute_Test" storage="c:\users\haren.aurora_nt\documents\my dropbox\projects\service-tracker\service-tracker-mvc.tests\bin\debug\service-tracker-mvc.tests.dll" id="cd80af55-55ff-2dec-3b12-dc4a82b53363">
      <Execution id="bbf35cf5-0063-49d0-9e11-082548db4d0a" />
      <TestMethod codeBase="C:/Users/haren.AURORA_NT/Documents/My Dropbox/Projects/service-tracker/service-tracker-mvc.tests/bin/Debug/service-tracker-mvc.tests.DLL" adapterTypeName="Microsoft.VisualStudio.TestTools.TestTypes.Unit.UnitTestAdapter, Microsoft.VisualStudio.QualityTools.Tips.UnitTest.Adapter, Version=10.0.0.0, Culture=neutral, PublicKeyToken=b03f5f7f11d50a3a" className="service_tracker_mvc.tests.RouteTests, service-tracker-mvc.tests, Version=1.0.0.0, Culture=neutral, PublicKeyToken=null" name="CustomerDetailsRoute_Test" />
    </UnitTest>
    <UnitTest name="InvoiceExcelRoute_Test" storage="c:\users\haren.aurora_nt\documents\my dropbox\projects\service-tracker\service-tracker-mvc.tests\bin\debug\service-tracker-mvc.tests.dll" id="4cbbddb3-07ff-99b7-4b2f-83f1ae8dc243">
      <Execution id="df72809f-8940-4871-a62b-bcaa2ebf72ca" />
      <TestMethod codeBase="C:/Users/haren.AURORA_NT/Documents/My Dropbox/Projects/service-tracker/service-tracker-mvc.tests/bin/Debug/service-tracker-mvc.tests.DLL" adapterTypeName="Microsoft.VisualStudio.TestTools.TestTypes.Unit.UnitTestAdapter, Microsoft.VisualStudio.QualityTools.Tips.UnitTest.Adapter, Version=10.0.0.0, Culture=neutral, PublicKeyToken=b03f5f7f11d50a3a" className="service_tracker_mvc.tests.RouteTests, service-tracker-mvc.tests, Version=1.0.0.0, Culture=neutral, PublicKeyToken=null" name="InvoiceExcelRoute_Test" />
    </UnitTest>
    <UnitTest name="VerifyGuestCanSeeGuestAction_Test" storage="c:\users\haren.aurora_nt\documents\my dropbox\projects\service-tracker\service-tracker-mvc.tests\bin\debug\service-tracker-mvc.tests.dll" id="24e35442-622f-3714-28c2-86d2e2f5b9ef">
      <Execution id="a1cf25b3-6836-4d1c-aa59-748a54a67b1c" />
      <TestMethod codeBase="C:/Users/haren.AURORA_NT/Documents/My Dropbox/Projects/service-tracker/service-tracker-mvc.tests/bin/Debug/service-tracker-mvc.tests.DLL" adapterTypeName="Microsoft.VisualStudio.TestTools.TestTypes.Unit.UnitTestAdapter, Microsoft.VisualStudio.QualityTools.Tips.UnitTest.Adapter, Version=10.0.0.0, Culture=neutral, PublicKeyToken=b03f5f7f11d50a3a" className="MvcAuthorize.Tests.RequiresAuthorizationAttributeTests, service-tracker-mvc.tests, Version=1.0.0.0, Culture=neutral, PublicKeyToken=null" name="VerifyGuestCanSeeGuestAction_Test" />
    </UnitTest>
    <UnitTest name="CustomerDeleteRoute_Test" storage="c:\users\haren.aurora_nt\documents\my dropbox\projects\service-tracker\service-tracker-mvc.tests\bin\debug\service-tracker-mvc.tests.dll" id="29ce5944-f050-28ef-c1ae-2e539a21930d">
      <Execution id="5e8c8f0a-4df3-4a9a-ba4a-2cbb6d8730e7" />
      <TestMethod codeBase="C:/Users/haren.AURORA_NT/Documents/My Dropbox/Projects/service-tracker/service-tracker-mvc.tests/bin/Debug/service-tracker-mvc.tests.DLL" adapterTypeName="Microsoft.VisualStudio.TestTools.TestTypes.Unit.UnitTestAdapter, Microsoft.VisualStudio.QualityTools.Tips.UnitTest.Adapter, Version=10.0.0.0, Culture=neutral, PublicKeyToken=b03f5f7f11d50a3a" className="service_tracker_mvc.tests.RouteTests, service-tracker-mvc.tests, Version=1.0.0.0, Culture=neutral, PublicKeyToken=null" name="CustomerDeleteRoute_Test" />
    </UnitTest>
    <UnitTest name="ProductEditRoute_Test" storage="c:\users\haren.aurora_nt\documents\my dropbox\projects\service-tracker\service-tracker-mvc.tests\bin\debug\service-tracker-mvc.tests.dll" id="3cb96642-2856-6b97-3f38-94fecd31ed42">
      <Execution id="beac0d31-60fd-4081-8fa4-2a2a16847017" />
      <TestMethod codeBase="C:/Users/haren.AURORA_NT/Documents/My Dropbox/Projects/service-tracker/service-tracker-mvc.tests/bin/Debug/service-tracker-mvc.tests.DLL" adapterTypeName="Microsoft.VisualStudio.TestTools.TestTypes.Unit.UnitTestAdapter, Microsoft.VisualStudio.QualityTools.Tips.UnitTest.Adapter, Version=10.0.0.0, Culture=neutral, PublicKeyToken=b03f5f7f11d50a3a" className="service_tracker_mvc.tests.RouteTests, service-tracker-mvc.tests, Version=1.0.0.0, Culture=neutral, PublicKeyToken=null" name="ProductEditRoute_Test" />
    </UnitTest>
  </TestDefinitions>
  <TestLists>
    <TestList name="Results Not in a List" id="8c84fa94-04c1-424b-9868-57a2d4851a1d" />
    <TestList name="All Loaded Results" id="19431567-8539-422a-85d7-44ee4e166bda" />
  </TestLists>
  <TestEntries>
    <TestEntry testId="032a2395-c934-6775-46bd-c467f3e89f43" executionId="22a8bf68-300c-4dc0-9d10-83d8167e1c6e" testListId="8c84fa94-04c1-424b-9868-57a2d4851a1d" />
    <TestEntry testId="128651f0-a7ea-43da-a485-30dd9ce71a84" executionId="430a6060-5c8f-4db6-ab96-a1fa730bb484" testListId="8c84fa94-04c1-424b-9868-57a2d4851a1d" />
    <TestEntry testId="23ae96c7-d9ff-5953-b921-a9d39a409323" executionId="8129fa03-27e3-4253-a2b3-75af6e304274" testListId="8c84fa94-04c1-424b-9868-57a2d4851a1d" />
    <TestEntry testId="24e35442-622f-3714-28c2-86d2e2f5b9ef" executionId="a1cf25b3-6836-4d1c-aa59-748a54a67b1c" testListId="8c84fa94-04c1-424b-9868-57a2d4851a1d" />
    <TestEntry testId="29ce5944-f050-28ef-c1ae-2e539a21930d" executionId="5e8c8f0a-4df3-4a9a-ba4a-2cbb6d8730e7" testListId="8c84fa94-04c1-424b-9868-57a2d4851a1d" />
    <TestEntry testId="31b9cb81-ed1b-d5a7-64aa-63e45b410513" executionId="05443526-b1c4-4796-a39f-fbc680c00ba8" testListId="8c84fa94-04c1-424b-9868-57a2d4851a1d" />
    <TestEntry testId="350d5b73-6175-af6c-ec4b-1b97a5a3ed39" executionId="87fa455f-ff58-478b-b8cd-8f49e5c5a3ca" testListId="8c84fa94-04c1-424b-9868-57a2d4851a1d" />
    <TestEntry testId="39611acb-4ca3-e00c-e824-d326a41432a1" executionId="d2a52c4a-5301-4bd7-af05-0245265cf4cf" testListId="8c84fa94-04c1-424b-9868-57a2d4851a1d" />
    <TestEntry testId="3bf90ae8-dc1a-d747-cdab-6bf8c68a1ecf" executionId="b8dabf3e-1fb6-4964-8424-48debbc406bc" testListId="8c84fa94-04c1-424b-9868-57a2d4851a1d" />
    <TestEntry testId="3cb96642-2856-6b97-3f38-94fecd31ed42" executionId="beac0d31-60fd-4081-8fa4-2a2a16847017" testListId="8c84fa94-04c1-424b-9868-57a2d4851a1d" />
    <TestEntry testId="3ce92995-8f99-2fc1-c984-3de8d2ce0a82" executionId="cd519e2c-355f-4b09-a7e4-f865e597bbb0" testListId="8c84fa94-04c1-424b-9868-57a2d4851a1d" />
    <TestEntry testId="42ed84fe-8210-f545-943b-8a410892723d" executionId="6152f5f0-7c11-4611-a3cf-44c956101ef0" testListId="8c84fa94-04c1-424b-9868-57a2d4851a1d" />
    <TestEntry testId="4685499d-78c6-6071-7ca0-02004a24c10b" executionId="e1e14454-ab3a-4dcc-bb3c-d6840842d05f" testListId="8c84fa94-04c1-424b-9868-57a2d4851a1d" />
    <TestEntry testId="4cbbddb3-07ff-99b7-4b2f-83f1ae8dc243" executionId="df72809f-8940-4871-a62b-bcaa2ebf72ca" testListId="8c84fa94-04c1-424b-9868-57a2d4851a1d" />
    <TestEntry testId="4e8df1f0-2c3c-ec85-8a5a-296ca8a9dbe8" executionId="31c31a46-bda4-423e-a2f7-6c4d0e49fda3" testListId="8c84fa94-04c1-424b-9868-57a2d4851a1d" />
    <TestEntry testId="52a4cafa-911f-27a2-2a04-03580ebe2d50" executionId="9d624077-474a-4d9d-891b-e5170d701252" testListId="8c84fa94-04c1-424b-9868-57a2d4851a1d" />
    <TestEntry testId="56ac27f9-387b-e65f-4e8f-34e28b494e87" executionId="52e49fb1-9aa0-4017-8d59-d8a3e80cdd6f" testListId="8c84fa94-04c1-424b-9868-57a2d4851a1d" />
    <TestEntry testId="58957218-f591-5902-c29e-fec59bc16ba2" executionId="2bf92270-74b6-4a67-bee0-4e760778d4b7" testListId="8c84fa94-04c1-424b-9868-57a2d4851a1d" />
    <TestEntry testId="6505df67-4533-5041-929c-b465c94c9e56" executionId="6dea3891-13bd-4681-bbba-d8672fc95003" testListId="8c84fa94-04c1-424b-9868-57a2d4851a1d" />
    <TestEntry testId="7a3f47ae-c5a2-5a1a-40dd-25d5d0cc6cda" executionId="fab2fe69-e9aa-4eed-8c57-9c1c8b597178" testListId="8c84fa94-04c1-424b-9868-57a2d4851a1d" />
    <TestEntry testId="7d737ce0-6d0f-0c97-cf17-7e13e4d087c1" executionId="ac294f81-b605-4e04-82a2-8426fe2a44c8" testListId="8c84fa94-04c1-424b-9868-57a2d4851a1d" />
    <TestEntry testId="96f086fe-8c0b-3465-de9a-d9044667030d" executionId="a617de8e-9887-4b3f-96a2-a2bff1bb8b23" testListId="8c84fa94-04c1-424b-9868-57a2d4851a1d" />
    <TestEntry testId="9b189f94-d5b5-3708-caa5-2a48dcb8904b" executionId="d2ae2da1-c04c-4d0a-babe-0b2946123a28" testListId="8c84fa94-04c1-424b-9868-57a2d4851a1d" />
    <TestEntry testId="a02c28a6-538a-3928-ab38-3c940575967c" executionId="db4add08-786e-4b43-8117-bd5f61df238d" testListId="8c84fa94-04c1-424b-9868-57a2d4851a1d" />
    <TestEntry testId="a04c2557-7ab1-95cc-48ac-b02cf14b8503" executionId="71df6d7a-2f42-47c0-8cc3-b45c2aa098b0" testListId="8c84fa94-04c1-424b-9868-57a2d4851a1d" />
    <TestEntry testId="a9ec0b01-d52b-4427-7d25-e1d5c40d57b4" executionId="39d28790-5060-4c54-b448-e6dc42e0241e" testListId="8c84fa94-04c1-424b-9868-57a2d4851a1d" />
    <TestEntry testId="acbfeb2f-7e43-4635-e10e-74a2248be59e" executionId="cd73a232-0c68-41b4-bcd5-c62782d9a21b" testListId="8c84fa94-04c1-424b-9868-57a2d4851a1d" />
    <TestEntry testId="c63cec2b-3be5-4ac5-2113-2ca2a2d79e88" executionId="4c24ec16-75fc-4a0a-9814-14abb302dca1" testListId="8c84fa94-04c1-424b-9868-57a2d4851a1d" />
    <TestEntry testId="ca8e8c39-b1a4-dbc0-7c1b-05ccbc71c973" executionId="a789c22c-ebbd-446c-9a63-a3002eae8622" testListId="8c84fa94-04c1-424b-9868-57a2d4851a1d" />
    <TestEntry testId="cb1a080b-6d63-9452-1499-744412170ed2" executionId="54d49c60-529d-44bb-81a5-663b404f1bdd" testListId="8c84fa94-04c1-424b-9868-57a2d4851a1d" />
    <TestEntry testId="cd80af55-55ff-2dec-3b12-dc4a82b53363" executionId="bbf35cf5-0063-49d0-9e11-082548db4d0a" testListId="8c84fa94-04c1-424b-9868-57a2d4851a1d" />
    <TestEntry testId="cffb1259-b231-58ae-d248-694db26505da" executionId="f6cf4ab8-15e7-4805-8543-e85ee9fda658" testListId="8c84fa94-04c1-424b-9868-57a2d4851a1d" />
    <TestEntry testId="d51eb317-775e-4492-f682-bf923e11e408" executionId="df8d12cb-0bc3-4a4d-a83d-78553ac87acb" testListId="8c84fa94-04c1-424b-9868-57a2d4851a1d" />
    <TestEntry testId="eb22b6b5-cba1-17f7-9f99-39e51413ccec" executionId="83194d09-85c5-4398-ab03-8482a062a1ea" testListId="8c84fa94-04c1-424b-9868-57a2d4851a1d" />
    <TestEntry testId="ee46a88c-7ae4-4f28-132c-57bca54f007d" executionId="1722c3ac-4760-492e-a470-8460dd4ade1c" testListId="8c84fa94-04c1-424b-9868-57a2d4851a1d" />
    <TestEntry testId="f2b11357-5b05-dfef-3401-e10c218f4fe9" executionId="6182e3d9-d6ff-4f17-80d0-e021791bb93d" testListId="8c84fa94-04c1-424b-9868-57a2d4851a1d" />
  </TestEntries>
  <Results>
    <UnitTestResult executionId="22a8bf68-300c-4dc0-9d10-83d8167e1c6e" testId="032a2395-c934-6775-46bd-c467f3e89f43" testName="UserLoginRoute_Test" computerName="MH2700" duration="00:00:00.4710856" startTime="2012-02-15T19:51:38.5826971-05:00" endTime="2012-02-15T19:51:39.9165637-05:00" testType="13cdc9d9-ddb5-4fa4-a97d-d965ccfc6d4b" outcome="Passed" testListId="8c84fa94-04c1-424b-9868-57a2d4851a1d" relativeResultsDirectory="22a8bf68-300c-4dc0-9d10-83d8167e1c6e">
    </UnitTestResult>
    <UnitTestResult executionId="430a6060-5c8f-4db6-ab96-a1fa730bb484" testId="128651f0-a7ea-43da-a485-30dd9ce71a84" testName="ProductCreateRoute_Test" computerName="MH2700" duration="00:00:00.0059599" startTime="2012-02-15T19:51:39.9285625-05:00" endTime="2012-02-15T19:51:39.9395614-05:00" testType="13cdc9d9-ddb5-4fa4-a97d-d965ccfc6d4b" outcome="Passed" testListId="8c84fa94-04c1-424b-9868-57a2d4851a1d" relativeResultsDirectory="430a6060-5c8f-4db6-ab96-a1fa730bb484">
    </UnitTestResult>
    <UnitTestResult executionId="8129fa03-27e3-4253-a2b3-75af6e304274" testId="23ae96c7-d9ff-5953-b921-a9d39a409323" testName="ServiceEditRoute_Test" computerName="MH2700" duration="00:00:00.0047130" startTime="2012-02-15T19:51:39.9465607-05:00" endTime="2012-02-15T19:51:39.9565597-05:00" testType="13cdc9d9-ddb5-4fa4-a97d-d965ccfc6d4b" outcome="Passed" testListId="8c84fa94-04c1-424b-9868-57a2d4851a1d" relativeResultsDirectory="8129fa03-27e3-4253-a2b3-75af6e304274">
    </UnitTestResult>
    <UnitTestResult executionId="a1cf25b3-6836-4d1c-aa59-748a54a67b1c" testId="24e35442-622f-3714-28c2-86d2e2f5b9ef" testName="VerifyGuestCanSeeGuestAction_Test" computerName="MH2700" duration="00:00:00.5169995" startTime="2012-02-15T19:51:39.9665587-05:00" endTime="2012-02-15T19:51:40.4905063-05:00" testType="13cdc9d9-ddb5-4fa4-a97d-d965ccfc6d4b" outcome="Passed" testListId="8c84fa94-04c1-424b-9868-57a2d4851a1d" relativeResultsDirectory="a1cf25b3-6836-4d1c-aa59-748a54a67b1c">
    </UnitTestResult>
    <UnitTestResult executionId="5e8c8f0a-4df3-4a9a-ba4a-2cbb6d8730e7" testId="29ce5944-f050-28ef-c1ae-2e539a21930d" testName="CustomerDeleteRoute_Test" computerName="MH2700" duration="00:00:00.0049201" startTime="2012-02-15T19:51:40.5185035-05:00" endTime="2012-02-15T19:51:40.5295024-05:00" testType="13cdc9d9-ddb5-4fa4-a97d-d965ccfc6d4b" outcome="Passed" testListId="8c84fa94-04c1-424b-9868-57a2d4851a1d" relativeResultsDirectory="5e8c8f0a-4df3-4a9a-ba4a-2cbb6d8730e7">
    </UnitTestResult>
    <UnitTestResult executionId="05443526-b1c4-4796-a39f-fbc680c00ba8" testId="31b9cb81-ed1b-d5a7-64aa-63e45b410513" testName="InvoiceIndexRoute_Test" computerName="MH2700" duration="00:00:00.0051314" startTime="2012-02-15T19:51:40.5365017-05:00" endTime="2012-02-15T19:51:40.5465007-05:00" testType="13cdc9d9-ddb5-4fa4-a97d-d965ccfc6d4b" outcome="Passed" testListId="8c84fa94-04c1-424b-9868-57a2d4851a1d" relativeResultsDirectory="05443526-b1c4-4796-a39f-fbc680c00ba8">
    </UnitTestResult>
    <UnitTestResult executionId="87fa455f-ff58-478b-b8cd-8f49e5c5a3ca" testId="350d5b73-6175-af6c-ec4b-1b97a5a3ed39" testName="ProductDetailsRoute_Test" computerName="MH2700" duration="00:00:00.0046117" startTime="2012-02-15T19:51:40.5525001-05:00" endTime="2012-02-15T19:51:40.5634990-05:00" testType="13cdc9d9-ddb5-4fa4-a97d-d965ccfc6d4b" outcome="Passed" testListId="8c84fa94-04c1-424b-9868-57a2d4851a1d" relativeResultsDirectory="87fa455f-ff58-478b-b8cd-8f49e5c5a3ca">
    </UnitTestResult>
    <UnitTestResult executionId="d2a52c4a-5301-4bd7-af05-0245265cf4cf" testId="39611acb-4ca3-e00c-e824-d326a41432a1" testName="SettingIndexRoute_Test" computerName="MH2700" duration="00:00:00.0047395" startTime="2012-02-15T19:51:40.5704983-05:00" endTime="2012-02-15T19:51:40.5804973-05:00" testType="13cdc9d9-ddb5-4fa4-a97d-d965ccfc6d4b" outcome="Passed" testListId="8c84fa94-04c1-424b-9868-57a2d4851a1d" relativeResultsDirectory="d2a52c4a-5301-4bd7-af05-0245265cf4cf">
    </UnitTestResult>
    <UnitTestResult executionId="b8dabf3e-1fb6-4964-8424-48debbc406bc" testId="3bf90ae8-dc1a-d747-cdab-6bf8c68a1ecf" testName="UserLoginAuthenticate_Test" computerName="MH2700" duration="00:00:00.0047535" startTime="2012-02-15T19:51:40.5864967-05:00" endTime="2012-02-15T19:51:40.5974956-05:00" testType="13cdc9d9-ddb5-4fa4-a97d-d965ccfc6d4b" outcome="Passed" testListId="8c84fa94-04c1-424b-9868-57a2d4851a1d" relativeResultsDirectory="b8dabf3e-1fb6-4964-8424-48debbc406bc">
    </UnitTestResult>
    <UnitTestResult executionId="beac0d31-60fd-4081-8fa4-2a2a16847017" testId="3cb96642-2856-6b97-3f38-94fecd31ed42" testName="ProductEditRoute_Test" computerName="MH2700" duration="00:00:00.0049481" startTime="2012-02-15T19:51:40.6094944-05:00" endTime="2012-02-15T19:51:40.6224931-05:00" testType="13cdc9d9-ddb5-4fa4-a97d-d965ccfc6d4b" outcome="Passed" testListId="8c84fa94-04c1-424b-9868-57a2d4851a1d" relativeResultsDirectory="beac0d31-60fd-4081-8fa4-2a2a16847017">
    </UnitTestResult>
    <UnitTestResult executionId="cd519e2c-355f-4b09-a7e4-f865e597bbb0" testId="3ce92995-8f99-2fc1-c984-3de8d2ce0a82" testName="ServicerDetailsRoute_Test" computerName="MH2700" duration="00:00:00.0053059" startTime="2012-02-15T19:51:40.6474906-05:00" endTime="2012-02-15T19:51:40.6584895-05:00" testType="13cdc9d9-ddb5-4fa4-a97d-d965ccfc6d4b" outcome="Passed" testListId="8c84fa94-04c1-424b-9868-57a2d4851a1d" relativeResultsDirectory="cd519e2c-355f-4b09-a7e4-f865e597bbb0">
    </UnitTestResult>
    <UnitTestResult executionId="6152f5f0-7c11-4611-a3cf-44c956101ef0" testId="42ed84fe-8210-f545-943b-8a410892723d" testName="ProductDeleteRoute_Test" computerName="MH2700" duration="00:00:00.0051197" startTime="2012-02-15T19:51:40.6644889-05:00" endTime="2012-02-15T19:51:40.6764877-05:00" testType="13cdc9d9-ddb5-4fa4-a97d-d965ccfc6d4b" outcome="Passed" testListId="8c84fa94-04c1-424b-9868-57a2d4851a1d" relativeResultsDirectory="6152f5f0-7c11-4611-a3cf-44c956101ef0">
    </UnitTestResult>
    <UnitTestResult executionId="e1e14454-ab3a-4dcc-bb3c-d6840842d05f" testId="4685499d-78c6-6071-7ca0-02004a24c10b" testName="CustomerEditRoute_Test" computerName="MH2700" duration="00:00:00.0046043" startTime="2012-02-15T19:51:40.6834870-05:00" endTime="2012-02-15T19:51:40.6944859-05:00" testType="13cdc9d9-ddb5-4fa4-a97d-d965ccfc6d4b" outcome="Passed" testListId="8c84fa94-04c1-424b-9868-57a2d4851a1d" relativeResultsDirectory="e1e14454-ab3a-4dcc-bb3c-d6840842d05f">
    </UnitTestResult>
    <UnitTestResult executionId="df72809f-8940-4871-a62b-bcaa2ebf72ca" testId="4cbbddb3-07ff-99b7-4b2f-83f1ae8dc243" testName="InvoiceExcelRoute_Test" computerName="MH2700" duration="00:00:00.0049644" startTime="2012-02-15T19:51:40.6994854-05:00" endTime="2012-02-15T19:51:40.7094844-05:00" testType="13cdc9d9-ddb5-4fa4-a97d-d965ccfc6d4b" outcome="Passed" testListId="8c84fa94-04c1-424b-9868-57a2d4851a1d" relativeResultsDirectory="df72809f-8940-4871-a62b-bcaa2ebf72ca">
    </UnitTestResult>
    <UnitTestResult executionId="31c31a46-bda4-423e-a2f7-6c4d0e49fda3" testId="4e8df1f0-2c3c-ec85-8a5a-296ca8a9dbe8" testName="ServicerIndexRoute_Test" computerName="MH2700" duration="00:00:00.0048067" startTime="2012-02-15T19:51:40.7174836-05:00" endTime="2012-02-15T19:51:40.7274826-05:00" testType="13cdc9d9-ddb5-4fa4-a97d-d965ccfc6d4b" outcome="Passed" testListId="8c84fa94-04c1-424b-9868-57a2d4851a1d" relativeResultsDirectory="31c31a46-bda4-423e-a2f7-6c4d0e49fda3">
    </UnitTestResult>
    <UnitTestResult executionId="9d624077-474a-4d9d-891b-e5170d701252" testId="52a4cafa-911f-27a2-2a04-03580ebe2d50" testName="UserLogoutRoute_Test" computerName="MH2700" duration="00:00:00.0047419" startTime="2012-02-15T19:51:40.7344819-05:00" endTime="2012-02-15T19:51:40.7434810-05:00" testType="13cdc9d9-ddb5-4fa4-a97d-d965ccfc6d4b" outcome="Passed" testListId="8c84fa94-04c1-424b-9868-57a2d4851a1d" relativeResultsDirectory="9d624077-474a-4d9d-891b-e5170d701252">
    </UnitTestResult>
    <UnitTestResult executionId="52e49fb1-9aa0-4017-8d59-d8a3e80cdd6f" testId="56ac27f9-387b-e65f-4e8f-34e28b494e87" testName="ServiceDeleteRoute_Test" computerName="MH2700" duration="00:00:00.0057472" startTime="2012-02-15T19:51:40.7484805-05:00" endTime="2012-02-15T19:51:40.7604793-05:00" testType="13cdc9d9-ddb5-4fa4-a97d-d965ccfc6d4b" outcome="Passed" testListId="8c84fa94-04c1-424b-9868-57a2d4851a1d" relativeResultsDirectory="52e49fb1-9aa0-4017-8d59-d8a3e80cdd6f">
    </UnitTestResult>
    <UnitTestResult executionId="2bf92270-74b6-4a67-bee0-4e760778d4b7" testId="58957218-f591-5902-c29e-fec59bc16ba2" testName="UserIndexRoute_Test" computerName="MH2700" duration="00:00:00.0056343" startTime="2012-02-15T19:51:40.7674786-05:00" endTime="2012-02-15T19:51:40.7794774-05:00" testType="13cdc9d9-ddb5-4fa4-a97d-d965ccfc6d4b" outcome="Passed" testListId="8c84fa94-04c1-424b-9868-57a2d4851a1d" relativeResultsDirectory="2bf92270-74b6-4a67-bee0-4e760778d4b7">
    </UnitTestResult>
    <UnitTestResult executionId="6dea3891-13bd-4681-bbba-d8672fc95003" testId="6505df67-4533-5041-929c-b465c94c9e56" testName="ServicerDeleteRoute_Test" computerName="MH2700" duration="00:00:00.0046281" startTime="2012-02-15T19:51:40.7844769-05:00" endTime="2012-02-15T19:51:40.7944759-05:00" testType="13cdc9d9-ddb5-4fa4-a97d-d965ccfc6d4b" outcome="Passed" testListId="8c84fa94-04c1-424b-9868-57a2d4851a1d" relativeResultsDirectory="6dea3891-13bd-4681-bbba-d8672fc95003">
    </UnitTestResult>
    <UnitTestResult executionId="fab2fe69-e9aa-4eed-8c57-9c1c8b597178" testId="7a3f47ae-c5a2-5a1a-40dd-25d5d0cc6cda" testName="ServiceDetailsRoute_Test" computerName="MH2700" duration="00:00:00.0055690" startTime="2012-02-15T19:51:40.8004753-05:00" endTime="2012-02-15T19:51:40.8114742-05:00" testType="13cdc9d9-ddb5-4fa4-a97d-d965ccfc6d4b" outcome="Passed" testListId="8c84fa94-04c1-424b-9868-57a2d4851a1d" relativeResultsDirectory="fab2fe69-e9aa-4eed-8c57-9c1c8b597178">
    </UnitTestResult>
    <UnitTestResult executionId="ac294f81-b605-4e04-82a2-8426fe2a44c8" testId="7d737ce0-6d0f-0c97-cf17-7e13e4d087c1" testName="InvoiceCreateRoute_Test" computerName="MH2700" duration="00:00:00.0050834" startTime="2012-02-15T19:51:40.8174736-05:00" endTime="2012-02-15T19:51:40.8284725-05:00" testType="13cdc9d9-ddb5-4fa4-a97d-d965ccfc6d4b" outcome="Passed" testListId="8c84fa94-04c1-424b-9868-57a2d4851a1d" relativeResultsDirectory="ac294f81-b605-4e04-82a2-8426fe2a44c8">
    </UnitTestResult>
    <UnitTestResult executionId="a617de8e-9887-4b3f-96a2-a2bff1bb8b23" testId="96f086fe-8c0b-3465-de9a-d9044667030d" testName="CustomerCreateRoute_Test" computerName="MH2700" duration="00:00:00.0055242" startTime="2012-02-15T19:51:40.8334720-05:00" endTime="2012-02-15T19:51:40.8444709-05:00" testType="13cdc9d9-ddb5-4fa4-a97d-d965ccfc6d4b" outcome="Passed" testListId="8c84fa94-04c1-424b-9868-57a2d4851a1d" relativeResultsDirectory="a617de8e-9887-4b3f-96a2-a2bff1bb8b23">
    </UnitTestResult>
    <UnitTestResult executionId="d2ae2da1-c04c-4d0a-babe-0b2946123a28" testId="9b189f94-d5b5-3708-caa5-2a48dcb8904b" testName="CustomerIndexRoute_Test" computerName="MH2700" duration="00:00:00.0054715" startTime="2012-02-15T19:51:40.8484705-05:00" endTime="2012-02-15T19:51:40.8594694-05:00" testType="13cdc9d9-ddb5-4fa4-a97d-d965ccfc6d4b" outcome="Passed" testListId="8c84fa94-04c1-424b-9868-57a2d4851a1d" relativeResultsDirectory="d2ae2da1-c04c-4d0a-babe-0b2946123a28">
    </UnitTestResult>
    <UnitTestResult executionId="db4add08-786e-4b43-8117-bd5f61df238d" testId="a02c28a6-538a-3928-ab38-3c940575967c" testName="UserEditRoute_Test" computerName="MH2700" duration="00:00:00.0048356" startTime="2012-02-15T19:51:40.8674686-05:00" endTime="2012-02-15T19:51:40.8774676-05:00" testType="13cdc9d9-ddb5-4fa4-a97d-d965ccfc6d4b" outcome="Passed" testListId="8c84fa94-04c1-424b-9868-57a2d4851a1d" relativeResultsDirectory="db4add08-786e-4b43-8117-bd5f61df238d">
    </UnitTestResult>
    <UnitTestResult executionId="71df6d7a-2f42-47c0-8cc3-b45c2aa098b0" testId="a04c2557-7ab1-95cc-48ac-b02cf14b8503" testName="ProductIndexRoute_Test" computerName="MH2700" duration="00:00:00.0046598" startTime="2012-02-15T19:51:40.8834670-05:00" endTime="2012-02-15T19:51:40.8934660-05:00" testType="13cdc9d9-ddb5-4fa4-a97d-d965ccfc6d4b" outcome="Passed" testListId="8c84fa94-04c1-424b-9868-57a2d4851a1d" relativeResultsDirectory="71df6d7a-2f42-47c0-8cc3-b45c2aa098b0">
    </UnitTestResult>
    <UnitTestResult executionId="39d28790-5060-4c54-b448-e6dc42e0241e" testId="a9ec0b01-d52b-4427-7d25-e1d5c40d57b4" testName="VerifyGuestCannotSeeManagerAction_Test" computerName="MH2700" duration="00:00:00.0001782" startTime="2012-02-15T19:51:40.8984655-05:00" endTime="2012-02-15T19:51:40.9034650-05:00" testType="13cdc9d9-ddb5-4fa4-a97d-d965ccfc6d4b" outcome="Passed" testListId="8c84fa94-04c1-424b-9868-57a2d4851a1d" relativeResultsDirectory="39d28790-5060-4c54-b448-e6dc42e0241e">
    </UnitTestResult>
    <UnitTestResult executionId="cd73a232-0c68-41b4-bcd5-c62782d9a21b" testId="acbfeb2f-7e43-4635-e10e-74a2248be59e" testName="UserDeleteRoute_Test" computerName="MH2700" duration="00:00:00.0047736" startTime="2012-02-15T19:51:40.9134640-05:00" endTime="2012-02-15T19:51:40.9234630-05:00" testType="13cdc9d9-ddb5-4fa4-a97d-d965ccfc6d4b" outcome="Passed" testListId="8c84fa94-04c1-424b-9868-57a2d4851a1d" relativeResultsDirectory="cd73a232-0c68-41b4-bcd5-c62782d9a21b">
    </UnitTestResult>
    <UnitTestResult executionId="4c24ec16-75fc-4a0a-9814-14abb302dca1" testId="c63cec2b-3be5-4ac5-2113-2ca2a2d79e88" testName="UserDetailsRoute_Test" computerName="MH2700" duration="00:00:00.0047363" startTime="2012-02-15T19:51:40.9274626-05:00" endTime="2012-02-15T19:51:40.9384615-05:00" testType="13cdc9d9-ddb5-4fa4-a97d-d965ccfc6d4b" outcome="Passed" testListId="8c84fa94-04c1-424b-9868-57a2d4851a1d" relativeResultsDirectory="4c24ec16-75fc-4a0a-9814-14abb302dca1">
    </UnitTestResult>
    <UnitTestResult executionId="a789c22c-ebbd-446c-9a63-a3002eae8622" testId="ca8e8c39-b1a4-dbc0-7c1b-05ccbc71c973" testName="ServicerCreateRoute_Test" computerName="MH2700" duration="00:00:00.0047367" startTime="2012-02-15T19:51:40.9434610-05:00" endTime="2012-02-15T19:51:40.9534600-05:00" testType="13cdc9d9-ddb5-4fa4-a97d-d965ccfc6d4b" outcome="Passed" testListId="8c84fa94-04c1-424b-9868-57a2d4851a1d" relativeResultsDirectory="a789c22c-ebbd-446c-9a63-a3002eae8622">
    </UnitTestResult>
    <UnitTestResult executionId="54d49c60-529d-44bb-81a5-663b404f1bdd" testId="cb1a080b-6d63-9452-1499-744412170ed2" testName="InvoiceEditRoute_Test" computerName="MH2700" duration="00:00:00.0047265" startTime="2012-02-15T19:51:40.9584595-05:00" endTime="2012-02-15T19:51:40.9674586-05:00" testType="13cdc9d9-ddb5-4fa4-a97d-d965ccfc6d4b" outcome="Passed" testListId="8c84fa94-04c1-424b-9868-57a2d4851a1d" relativeResultsDirectory="54d49c60-529d-44bb-81a5-663b404f1bdd">
    </UnitTestResult>
    <UnitTestResult executionId="bbf35cf5-0063-49d0-9e11-082548db4d0a" testId="cd80af55-55ff-2dec-3b12-dc4a82b53363" testName="CustomerDetailsRoute_Test" computerName="MH2700" duration="00:00:00.0046565" startTime="2012-02-15T19:51:40.9734580-05:00" endTime="2012-02-15T19:51:40.9834570-05:00" testType="13cdc9d9-ddb5-4fa4-a97d-d965ccfc6d4b" outcome="Passed" testListId="8c84fa94-04c1-424b-9868-57a2d4851a1d" relativeResultsDirectory="bbf35cf5-0063-49d0-9e11-082548db4d0a">
    </UnitTestResult>
    <UnitTestResult executionId="f6cf4ab8-15e7-4805-8543-e85ee9fda658" testId="cffb1259-b231-58ae-d248-694db26505da" testName="InvoiceDetailsRoute_Test" computerName="MH2700" duration="00:00:00.0046882" startTime="2012-02-15T19:51:40.9874566-05:00" endTime="2012-02-15T19:51:40.9984555-05:00" testType="13cdc9d9-ddb5-4fa4-a97d-d965ccfc6d4b" outcome="Passed" testListId="8c84fa94-04c1-424b-9868-57a2d4851a1d" relativeResultsDirectory="f6cf4ab8-15e7-4805-8543-e85ee9fda658">
    </UnitTestResult>
    <UnitTestResult executionId="df8d12cb-0bc3-4a4d-a83d-78553ac87acb" testId="d51eb317-775e-4492-f682-bf923e11e408" testName="ServicerEditRoute_Test" computerName="MH2700" duration="00:00:00.0046752" startTime="2012-02-15T19:51:41.0034550-05:00" endTime="2012-02-15T19:51:41.0134540-05:00" testType="13cdc9d9-ddb5-4fa4-a97d-d965ccfc6d4b" outcome="Passed" testListId="8c84fa94-04c1-424b-9868-57a2d4851a1d" relativeResultsDirectory="df8d12cb-0bc3-4a4d-a83d-78553ac87acb">
    </UnitTestResult>
    <UnitTestResult executionId="83194d09-85c5-4398-ab03-8482a062a1ea" testId="eb22b6b5-cba1-17f7-9f99-39e51413ccec" testName="ServiceCreateRoute_Test" computerName="MH2700" duration="00:00:00.0048123" startTime="2012-02-15T19:51:41.0194534-05:00" endTime="2012-02-15T19:51:41.0294524-05:00" testType="13cdc9d9-ddb5-4fa4-a97d-d965ccfc6d4b" outcome="Passed" testListId="8c84fa94-04c1-424b-9868-57a2d4851a1d" relativeResultsDirectory="83194d09-85c5-4398-ab03-8482a062a1ea">
    </UnitTestResult>
    <UnitTestResult executionId="1722c3ac-4760-492e-a470-8460dd4ade1c" testId="ee46a88c-7ae4-4f28-132c-57bca54f007d" testName="InvoiceDeleteRoute_Test" computerName="MH2700" duration="00:00:00.0046980" startTime="2012-02-15T19:51:41.0344519-05:00" endTime="2012-02-15T19:51:41.0444509-05:00" testType="13cdc9d9-ddb5-4fa4-a97d-d965ccfc6d4b" outcome="Passed" testListId="8c84fa94-04c1-424b-9868-57a2d4851a1d" relativeResultsDirectory="1722c3ac-4760-492e-a470-8460dd4ade1c">
    </UnitTestResult>
    <UnitTestResult executionId="6182e3d9-d6ff-4f17-80d0-e021791bb93d" testId="f2b11357-5b05-dfef-3401-e10c218f4fe9" testName="ServiceIndexRoute_Test" computerName="MH2700" duration="00:00:00.0046738" startTime="2012-02-15T19:51:41.0494504-05:00" endTime="2012-02-15T19:51:41.0584495-05:00" testType="13cdc9d9-ddb5-4fa4-a97d-d965ccfc6d4b" outcome="Passed" testListId="8c84fa94-04c1-424b-9868-57a2d4851a1d" relativeResultsDirectory="6182e3d9-d6ff-4f17-80d0-e021791bb93d">
    </UnitTestResult>
  </Results>
</TestRun>