<?xml version="1.0" encoding="UTF-8"?>
<TestRun id="3efbdba9-16fb-4e28-9a4e-fc42ad069972" name="haren@MH2700 2012-02-15 18:45:54" runUser="AURORA_NT\haren" xmlns="http://microsoft.com/schemas/VisualStudio/TeamTest/2010">
  <TestSettings name="Local" id="1ff2e3f2-619d-42a7-a959-0b6f523aec0c">
    <Description>These are default test settings for a local test run.</Description>
    <Deployment enabled="false" runDeploymentRoot="haren_MH2700 2012-02-15 18_45_54">
      <DeploymentItem filename="C:\Users\haren.AURORA_NT\Documents\My Dropbox\Projects\service-tracker\service-tracker-mvc\bin\service-tracker-mvc.dll" />
      <DeploymentItem filename="C:\Users\haren.AURORA_NT\Documents\My Dropbox\Projects\service-tracker\packages\Moq.4.0.10827\lib\NET40\Moq.dll" />
    </Deployment>
    <Execution>
      <TestTypeSpecific />
      <AgentRule name="Execution Agents">
      </AgentRule>
    </Execution>
  </TestSettings>
  <Times creation="2012-02-15T18:45:54.3881068-05:00" queuing="2012-02-15T18:45:56.8085582-05:00" start="2012-02-15T18:45:57.0086782-05:00" finish="2012-02-15T18:46:31.4423260-05:00" />
  <ResultSummary outcome="Error">
    <Counters total="2" executed="2" passed="1" error="0" failed="0" timeout="0" aborted="1" inconclusive="0" passedButRunAborted="0" notRunnable="0" notExecuted="0" disconnected="0" warning="0" completed="0" inProgress="0" pending="0" />
    <RunInfos>
      <RunInfo computerName="MH2700" outcome="Error" timestamp="2012-02-15T18:46:31.4413254-05:00">
        <Text>Test host process exited unexpectedly.</Text>
      </RunInfo>
    </RunInfos>
  </ResultSummary>
  <TestDefinitions>
    <UnitTest name="VerifyUnauthorized_Test" storage="c:\users\haren.aurora_nt\documents\my dropbox\projects\service-tracker\service-tracker-mvc.tests\bin\debug\service-tracker-mvc.tests.dll" id="dde4ac21-f73c-d14a-a548-7af6acad4735">
      <Execution id="d2daed69-2630-462c-b638-4447ab386e76" />
      <TestMethod codeBase="C:/Users/haren.AURORA_NT/Documents/My Dropbox/Projects/service-tracker/service-tracker-mvc.tests/bin/Debug/service-tracker-mvc.tests.DLL" adapterTypeName="Microsoft.VisualStudio.TestTools.TestTypes.Unit.UnitTestAdapter, Microsoft.VisualStudio.QualityTools.Tips.UnitTest.Adapter, Version=10.0.0.0, Culture=neutral, PublicKeyToken=b03f5f7f11d50a3a" className="MvcAuthorize.Tests.RequiresAuthorizationAttributeTests, service-tracker-mvc.tests, Version=1.0.0.0, Culture=neutral, PublicKeyToken=null" name="VerifyUnauthorized_Test" />
    </UnitTest>
    <UnitTest name="VerifyAuthAndExecute_Test" storage="c:\users\haren.aurora_nt\documents\my dropbox\projects\service-tracker\service-tracker-mvc.tests\bin\debug\service-tracker-mvc.tests.dll" id="acf60dad-f642-ebb1-d778-a0ed661bebea">
      <Execution id="0568138a-3f58-4e88-9ba2-cef54fc58384" />
      <TestMethod codeBase="C:/Users/haren.AURORA_NT/Documents/My Dropbox/Projects/service-tracker/service-tracker-mvc.tests/bin/Debug/service-tracker-mvc.tests.DLL" adapterTypeName="Microsoft.VisualStudio.TestTools.TestTypes.Unit.UnitTestAdapter, Microsoft.VisualStudio.QualityTools.Tips.UnitTest.Adapter, Version=10.0.0.0, Culture=neutral, PublicKeyToken=b03f5f7f11d50a3a" className="MvcAuthorize.Tests.RequiresAuthorizationAttributeTests, service-tracker-mvc.tests, Version=1.0.0.0, Culture=neutral, PublicKeyToken=null" name="VerifyAuthAndExecute_Test" />
    </UnitTest>
  </TestDefinitions>
  <TestLists>
    <TestList name="Results Not in a List" id="8c84fa94-04c1-424b-9868-57a2d4851a1d" />
    <TestList name="All Loaded Results" id="19431567-8539-422a-85d7-44ee4e166bda" />
  </TestLists>
  <TestEntries>
    <TestEntry testId="acf60dad-f642-ebb1-d778-a0ed661bebea" executionId="0568138a-3f58-4e88-9ba2-cef54fc58384" testListId="8c84fa94-04c1-424b-9868-57a2d4851a1d" />
    <TestEntry testId="dde4ac21-f73c-d14a-a548-7af6acad4735" executionId="d2daed69-2630-462c-b638-4447ab386e76" testListId="8c84fa94-04c1-424b-9868-57a2d4851a1d" />
  </TestEntries>
  <Results>
    <UnitTestResult executionId="0568138a-3f58-4e88-9ba2-cef54fc58384" testId="acf60dad-f642-ebb1-d778-a0ed661bebea" testName="VerifyAuthAndExecute_Test" computerName="MH2700" duration="00:00:01.0219332" startTime="2012-02-15T18:45:57.1947898-05:00" endTime="2012-02-15T18:45:59.0479010-05:00" testType="13cdc9d9-ddb5-4fa4-a97d-d965ccfc6d4b" outcome="Passed" testListId="8c84fa94-04c1-424b-9868-57a2d4851a1d" relativeResultsDirectory="0568138a-3f58-4e88-9ba2-cef54fc58384">
    </UnitTestResult>
    <UnitTestResult executionId="d2daed69-2630-462c-b638-4447ab386e76" testId="dde4ac21-f73c-d14a-a548-7af6acad4735" testName="VerifyUnauthorized_Test" computerName="MH2700" duration="00:00:32.3754136" startTime="2012-02-15T18:45:59.0669124-05:00" endTime="2012-02-15T18:46:31.4423260-05:00" testType="13cdc9d9-ddb5-4fa4-a97d-d965ccfc6d4b" outcome="Aborted" testListId="8c84fa94-04c1-424b-9868-57a2d4851a1d" relativeResultsDirectory="d2daed69-2630-462c-b638-4447ab386e76">
    </UnitTestResult>
  </Results>
</TestRun>