<?xml version="1.0" encoding="UTF-8"?>
<TestRun id="81edb0eb-e46a-43d4-a36c-1676a303ae8e" name="haren@MH2700 2012-02-15 19:20:04" runUser="AURORA_NT\haren" xmlns="http://microsoft.com/schemas/VisualStudio/TeamTest/2010">
  <TestSettings name="Local" id="1ff2e3f2-619d-42a7-a959-0b6f523aec0c">
    <Description>These are default test settings for a local test run.</Description>
    <Deployment enabled="false" runDeploymentRoot="haren_MH2700 2012-02-15 19_20_04">
      <DeploymentItem filename="C:\Users\haren.AURORA_NT\Documents\My Dropbox\Projects\service-tracker\service-tracker-mvc\bin\service-tracker-mvc.dll" />
      <DeploymentItem filename="C:\Users\haren.AURORA_NT\Documents\My Dropbox\Projects\service-tracker\packages\Moq.4.0.10827\lib\NET40\Moq.dll" />
    </Deployment>
    <Execution>
      <TestTypeSpecific />
      <AgentRule name="Execution Agents">
      </AgentRule>
    </Execution>
  </TestSettings>
  <Times creation="2012-02-15T19:20:04.6575804-05:00" queuing="2012-02-15T19:20:07.0438190-05:00" start="2012-02-15T19:20:07.2658412-05:00" finish="2012-02-15T19:20:09.6790825-05:00" />
  <ResultSummary outcome="Completed">
    <Counters total="3" executed="3" passed="3" error="0" failed="0" timeout="0" aborted="0" inconclusive="0" passedButRunAborted="0" notRunnable="0" notExecuted="0" disconnected="0" warning="0" completed="0" inProgress="0" pending="0" />
  </ResultSummary>
  <TestDefinitions>
    <UnitTest name="TestMethod1" storage="c:\users\haren.aurora_nt\documents\my dropbox\projects\service-tracker\service-tracker-mvc.tests\bin\debug\service-tracker-mvc.tests.dll" id="aabec1ef-6c01-cb98-884c-2e748b50d4c3">
      <Execution id="a6b57d0d-17cf-4cb0-821a-7f7a80be2054" />
      <TestMethod codeBase="C:/Users/haren.AURORA_NT/Documents/My Dropbox/Projects/service-tracker/service-tracker-mvc.tests/bin/Debug/service-tracker-mvc.tests.DLL" adapterTypeName="Microsoft.VisualStudio.TestTools.TestTypes.Unit.UnitTestAdapter, Microsoft.VisualStudio.QualityTools.Tips.UnitTest.Adapter, Version=10.0.0.0, Culture=neutral, PublicKeyToken=b03f5f7f11d50a3a" className="service_tracker_mvc.tests.RouteTests, service-tracker-mvc.tests, Version=1.0.0.0, Culture=neutral, PublicKeyToken=null" name="TestMethod1" />
    </UnitTest>
    <UnitTest name="VerifyGuestCanSeeGuestAction_Test" storage="c:\users\haren.aurora_nt\documents\my dropbox\projects\service-tracker\service-tracker-mvc.tests\bin\debug\service-tracker-mvc.tests.dll" id="24e35442-622f-3714-28c2-86d2e2f5b9ef">
      <Execution id="1ed825c4-2b25-4145-b43d-e3ec11031851" />
      <TestMethod codeBase="C:/Users/haren.AURORA_NT/Documents/My Dropbox/Projects/service-tracker/service-tracker-mvc.tests/bin/Debug/service-tracker-mvc.tests.DLL" adapterTypeName="Microsoft.VisualStudio.TestTools.TestTypes.Unit.UnitTestAdapter, Microsoft.VisualStudio.QualityTools.Tips.UnitTest.Adapter, Version=10.0.0.0, Culture=neutral, PublicKeyToken=b03f5f7f11d50a3a" className="MvcAuthorize.Tests.RequiresAuthorizationAttributeTests, service-tracker-mvc.tests, Version=1.0.0.0, Culture=neutral, PublicKeyToken=null" name="VerifyGuestCanSeeGuestAction_Test" />
    </UnitTest>
    <UnitTest name="VerifyGuestCannotSeeManagerAction_Test" storage="c:\users\haren.aurora_nt\documents\my dropbox\projects\service-tracker\service-tracker-mvc.tests\bin\debug\service-tracker-mvc.tests.dll" id="a9ec0b01-d52b-4427-7d25-e1d5c40d57b4">
      <Execution id="59408028-dff0-4222-93e3-b3e315f96c4d" />
      <TestMethod codeBase="C:/Users/haren.AURORA_NT/Documents/My Dropbox/Projects/service-tracker/service-tracker-mvc.tests/bin/Debug/service-tracker-mvc.tests.DLL" adapterTypeName="Microsoft.VisualStudio.TestTools.TestTypes.Unit.UnitTestAdapter, Microsoft.VisualStudio.QualityTools.Tips.UnitTest.Adapter, Version=10.0.0.0, Culture=neutral, PublicKeyToken=b03f5f7f11d50a3a" className="MvcAuthorize.Tests.RequiresAuthorizationAttributeTests, service-tracker-mvc.tests, Version=1.0.0.0, Culture=neutral, PublicKeyToken=null" name="VerifyGuestCannotSeeManagerAction_Test" />
    </UnitTest>
  </TestDefinitions>
  <TestLists>
    <TestList name="Results Not in a List" id="8c84fa94-04c1-424b-9868-57a2d4851a1d" />
    <TestList name="All Loaded Results" id="19431567-8539-422a-85d7-44ee4e166bda" />
  </TestLists>
  <TestEntries>
    <TestEntry testId="24e35442-622f-3714-28c2-86d2e2f5b9ef" executionId="1ed825c4-2b25-4145-b43d-e3ec11031851" testListId="8c84fa94-04c1-424b-9868-57a2d4851a1d" />
    <TestEntry testId="a9ec0b01-d52b-4427-7d25-e1d5c40d57b4" executionId="59408028-dff0-4222-93e3-b3e315f96c4d" testListId="8c84fa94-04c1-424b-9868-57a2d4851a1d" />
    <TestEntry testId="aabec1ef-6c01-cb98-884c-2e748b50d4c3" executionId="a6b57d0d-17cf-4cb0-821a-7f7a80be2054" testListId="8c84fa94-04c1-424b-9868-57a2d4851a1d" />
  </TestEntries>
  <Results>
    <UnitTestResult executionId="1ed825c4-2b25-4145-b43d-e3ec11031851" testId="24e35442-622f-3714-28c2-86d2e2f5b9ef" testName="VerifyGuestCanSeeGuestAction_Test" computerName="MH2700" duration="00:00:01.0912950" startTime="2012-02-15T19:20:07.4498596-05:00" endTime="2012-02-15T19:20:09.4260572-05:00" testType="13cdc9d9-ddb5-4fa4-a97d-d965ccfc6d4b" outcome="Passed" testListId="8c84fa94-04c1-424b-9868-57a2d4851a1d" relativeResultsDirectory="1ed825c4-2b25-4145-b43d-e3ec11031851">
    </UnitTestResult>
    <UnitTestResult executionId="59408028-dff0-4222-93e3-b3e315f96c4d" testId="a9ec0b01-d52b-4427-7d25-e1d5c40d57b4" testName="VerifyGuestCannotSeeManagerAction_Test" computerName="MH2700" duration="00:00:00.0002038" startTime="2012-02-15T19:20:09.4550601-05:00" endTime="2012-02-15T19:20:09.4610607-05:00" testType="13cdc9d9-ddb5-4fa4-a97d-d965ccfc6d4b" outcome="Passed" testListId="8c84fa94-04c1-424b-9868-57a2d4851a1d" relativeResultsDirectory="59408028-dff0-4222-93e3-b3e315f96c4d">
    </UnitTestResult>
    <UnitTestResult executionId="a6b57d0d-17cf-4cb0-821a-7f7a80be2054" testId="aabec1ef-6c01-cb98-884c-2e748b50d4c3" testName="TestMethod1" computerName="MH2700" duration="00:00:00.0127735" startTime="2012-02-15T19:20:09.4770623-05:00" endTime="2012-02-15T19:20:09.4950641-05:00" testType="13cdc9d9-ddb5-4fa4-a97d-d965ccfc6d4b" outcome="Passed" testListId="8c84fa94-04c1-424b-9868-57a2d4851a1d" relativeResultsDirectory="a6b57d0d-17cf-4cb0-821a-7f7a80be2054">
    </UnitTestResult>
  </Results>
</TestRun>