<?xml version="1.0" encoding="UTF-8"?>
<TestRun id="13eb80bc-9c66-4e89-85d1-3af59c48fe9c" name="haren@MH2700 2012-02-15 19:20:42" runUser="AURORA_NT\haren" xmlns="http://microsoft.com/schemas/VisualStudio/TeamTest/2010">
  <TestSettings name="Local" id="1ff2e3f2-619d-42a7-a959-0b6f523aec0c">
    <Description>These are default test settings for a local test run.</Description>
    <Deployment enabled="false" runDeploymentRoot="haren_MH2700 2012-02-15 19_20_42">
      <DeploymentItem filename="C:\Users\haren.AURORA_NT\Documents\My Dropbox\Projects\service-tracker\service-tracker-mvc\bin\service-tracker-mvc.dll" />
      <DeploymentItem filename="C:\Users\haren.AURORA_NT\Documents\My Dropbox\Projects\service-tracker\packages\Moq.4.0.10827\lib\NET40\Moq.dll" />
    </Deployment>
    <Execution>
      <TestTypeSpecific />
      <AgentRule name="Execution Agents">
      </AgentRule>
    </Execution>
  </TestSettings>
  <Times creation="2012-02-15T19:20:42.3663509-05:00" queuing="2012-02-15T19:20:44.8305973-05:00" start="2012-02-15T19:20:45.0396182-05:00" finish="2012-02-15T19:20:49.1920334-05:00" />
  <ResultSummary outcome="Failed">
    <Counters total="1" executed="1" error="0" failed="1" timeout="0" aborted="0" inconclusive="0" passedButRunAborted="0" notRunnable="0" notExecuted="0" disconnected="0" warning="0" passed="0" completed="0" inProgress="0" pending="0" />
  </ResultSummary>
  <TestDefinitions>
    <UnitTest name="LoginRoute_Test" storage="c:\users\haren.aurora_nt\documents\my dropbox\projects\service-tracker\service-tracker-mvc.tests\bin\debug\service-tracker-mvc.tests.dll" id="44ac499d-c330-bc74-1b59-51058a634958">
      <Execution id="0a689cde-048d-4d11-afe1-6885a4dc1271" />
      <TestMethod codeBase="C:/Users/haren.AURORA_NT/Documents/My Dropbox/Projects/service-tracker/service-tracker-mvc.tests/bin/Debug/service-tracker-mvc.tests.DLL" adapterTypeName="Microsoft.VisualStudio.TestTools.TestTypes.Unit.UnitTestAdapter, Microsoft.VisualStudio.QualityTools.Tips.UnitTest.Adapter, Version=10.0.0.0, Culture=neutral, PublicKeyToken=b03f5f7f11d50a3a" className="service_tracker_mvc.tests.RouteTests, service-tracker-mvc.tests, Version=1.0.0.0, Culture=neutral, PublicKeyToken=null" name="LoginRoute_Test" />
    </UnitTest>
  </TestDefinitions>
  <TestLists>
    <TestList name="Results Not in a List" id="8c84fa94-04c1-424b-9868-57a2d4851a1d" />
    <TestList name="All Loaded Results" id="19431567-8539-422a-85d7-44ee4e166bda" />
  </TestLists>
  <TestEntries>
    <TestEntry testId="44ac499d-c330-bc74-1b59-51058a634958" executionId="0a689cde-048d-4d11-afe1-6885a4dc1271" testListId="8c84fa94-04c1-424b-9868-57a2d4851a1d" />
  </TestEntries>
  <Results>
    <UnitTestResult executionId="0a689cde-048d-4d11-afe1-6885a4dc1271" testId="44ac499d-c330-bc74-1b59-51058a634958" testName="LoginRoute_Test" computerName="MH2700" duration="00:00:03.0367967" startTime="2012-02-15T19:20:45.2186361-05:00" endTime="2012-02-15T19:20:49.0780220-05:00" testType="13cdc9d9-ddb5-4fa4-a97d-d965ccfc6d4b" outcome="Failed" testListId="8c84fa94-04c1-424b-9868-57a2d4851a1d" relativeResultsDirectory="0a689cde-048d-4d11-afe1-6885a4dc1271">
      <Output>
        <ErrorInfo>
          <Message>Assert.IsNotNull failed. Should have found the route</Message>
          <StackTrace>   at service_tracker_mvc.tests.Helpers.AssertHelpers.AssertRoute(RouteCollection routes, String url, Object expectations) in C:\Users\haren.AURORA_NT\Documents\My Dropbox\Projects\service-tracker\service-tracker-mvc.tests\Helpers\AssertHelpers.cs:line 21
   at service_tracker_mvc.tests.RouteTests.LoginRoute_Test() in C:\Users\haren.AURORA_NT\Documents\My Dropbox\Projects\service-tracker\service-tracker-mvc.tests\RouteTests.cs:line 22
</StackTrace>
        </ErrorInfo>
      </Output>
    </UnitTestResult>
  </Results>
</TestRun>